2026-09-15T12:36:20.320474Z  INFO telemetry: job_telemetry_init artifact_type=installed branch=76e771ea80bf ci_number=20260904.1 ci_name=CommonRuntime-RuntimeTeam-Linux-Prod-Build build_time=2026-09-04 07:32:31.763545
2026-09-15T12:36:20.320875Z  INFO run_execution_wrapper: execution_wrapper: Writing HWLOC_COMPONENTS=-gl to /etc/environment
2026-09-15T12:36:20.321271Z  WARN run_execution_wrapper: execution_wrapper: Failed to execute sudo command: No such file or directory (os error 2)
2026-09-15T12:36:20.321307Z  INFO run_execution_wrapper: execution_wrapper: Set HWLOC_COMPONENTS=-gl in current process environment
2026-09-15T12:36:20.323127Z  INFO run_execution_wrapper: execution_wrapper: Successfully dumped bootstrapping environment to file
2026-09-15T12:36:20.323213Z  INFO run_execution_wrapper: execution_wrapper: Enable std log streaming is not specified in executor configuration, default to not stream logs to stdout and stderr
2026-09-15T12:36:20.323226Z  INFO run_execution_wrapper: execution_wrapper: Enable termination signal handling is not specified in executor configuration, default to ignore termination signals
2026-09-15T12:36:20.323235Z  INFO run_execution_wrapper: execution_wrapper: Executor config not provided, certificates will not be updated.
2026-09-15T12:36:20.323266Z  INFO run_execution_wrapper:execution-wrapper::run_service{path_mapping_kind=None error_pattern_json_files_post_execution=None error_pattern_json_file_mid_execution=None enable_std_log_streaming=false skip_user_log_file_generation=false enable_termination_signal_handling=false}: execution_wrapper::service: serving execution service at executor_address=/mnt/azureml/cr/j/7e6e7e804d2648d39c77cf8630e6d924/.grpc/executor:0
2026-09-15T12:36:20.323713Z  INFO run_execution_wrapper:execution-wrapper::run_service{path_mapping_kind=None error_pattern_json_files_post_execution=None error_pattern_json_file_mid_execution=None enable_std_log_streaming=false skip_user_log_file_generation=false enable_termination_signal_handling=false}: cr_core: Successfully configured current process to ignore termination signals
2026-09-15T12:36:20.323751Z  INFO run_execution_wrapper:execution-wrapper::run_service{path_mapping_kind=None error_pattern_json_files_post_execution=None error_pattern_json_file_mid_execution=None enable_std_log_streaming=false skip_user_log_file_generation=false enable_termination_signal_handling=false}:serve: grpc_utils::endpoint::serve: serving gRPC service endpoint=Uds("/mnt/azureml/cr/j/7e6e7e804d2648d39c77cf8630e6d924/.grpc/executor:0") retry=ExponentialBackoffRetry { retry_delay_secs: 2, delay_factor: 1000, num_retries: 3 }
2026-09-15T12:36:21.820205Z  INFO ExecutionServicer::run: grpc_utils::server: Got grpc request request_name="run" remote_addr=None
2026-09-15T12:36:21.820356Z  INFO ExecutionServicer::run: execution_wrapper::service: file /opt/microsoft/singularity/unasignal/StopUserNode exists: false path=/opt/microsoft/singularity/unasignal/StopUserNode
2026-09-15T12:36:21.820440Z  INFO ExecutionServicer::run:ExecutionServicer::spawn_execution{wait_execution_completion=false}: execution_wrapper::service: spawn_execution request id="28df2919-ca6b-4439-8a6d-e75338897dba" client_address=Some("/mnt/azureml/cr/j/7e6e7e804d2648d39c77cf8630e6d924/.grpc/lifecycler:0")
2026-09-15T12:36:21.820479Z  WARN ExecutionServicer::run:ExecutionServicer::spawn_execution{wait_execution_completion=false}:inject_legacy_env_vars: execution_wrapper::legacy_env_vars: Skip injecting legacy env vars, distributed config is None, setting only the defaults
2026-09-15T12:36:21.820507Z  INFO ExecutionServicer::run:ExecutionServicer::spawn_execution{wait_execution_completion=false}:inject_legacy_env_vars: execution_wrapper::legacy_env_vars: Injecting AZ_BATCHAI_JOB_WORK_DIR=/mnt/azureml/cr/j/7e6e7e804d2648d39c77cf8630e6d924/exe/wd working_dir="/mnt/azureml/cr/j/7e6e7e804d2648d39c77cf8630e6d924/exe/wd"
2026-09-15T12:36:21.820535Z  INFO ExecutionServicer::run:ExecutionServicer::spawn_execution{wait_execution_completion=false}:inject_legacy_env_vars: execution_wrapper::legacy_env_vars: Injecting AZUREML_PROCESS_NAME=main as default
2026-09-15T12:36:21.820636Z  INFO ExecutionServicer::run:ExecutionServicer::spawn_execution{wait_execution_completion=false}:inject_legacy_env_vars:get_gpu_count: execution_wrapper::common: Get ComputeContext from env success compute_context=ComputeContext { cluster_name: "lab2-cluster", node_id: Literal("tvmps_3f4c605d632aad02b2a022e8fb16c957112c8fc2f712ca9c412f79a85ead6de7_d"), vm_id: Some("3baa79e6-3d9f-468c-bf8c-69d77d479ac5"), run_attempt_count: 1, gpu_count: Some(0), vm_size: Some("STANDARD_DS3_V2"), readable_cluster_name: Some("lab2-cluster"), vm_priority: Some(Dedicated), use_vnet_or_private_link: false }
2026-09-15T12:36:21.820676Z  INFO ExecutionServicer::run:ExecutionServicer::spawn_execution{wait_execution_completion=false}:inject_legacy_env_vars:get_gpu_count: execution_wrapper::common: close time.busy=115µs time.idle=3.00µs
2026-09-15T12:36:21.820711Z  INFO ExecutionServicer::run:ExecutionServicer::spawn_execution{wait_execution_completion=false}:inject_legacy_env_vars:override_dc_env_vars: execution_wrapper::dc_env_vars: Updated env AZUREML_CR_EXECUTOR_CONFIG for spawned process
2026-09-15T12:36:21.820738Z  INFO ExecutionServicer::run:ExecutionServicer::spawn_execution{wait_execution_completion=false}:inject_legacy_env_vars:override_dc_env_vars: execution_wrapper::dc_env_vars: Env var AZUREML_CR_DISTRIBUTED_CONFIG is empty for current process
2026-09-15T12:36:21.820754Z  INFO ExecutionServicer::run:ExecutionServicer::spawn_execution{wait_execution_completion=false}:inject_legacy_env_vars:override_dc_env_vars: execution_wrapper::dc_env_vars: Updated env AZUREML_SERVICE_ENDPOINT for spawned process
2026-09-15T12:36:21.820779Z  INFO ExecutionServicer::run:ExecutionServicer::spawn_execution{wait_execution_completion=false}:inject_legacy_env_vars:override_dc_env_vars: execution_wrapper::dc_env_vars: Updated env AZUREML_SERVICE_CERT_ENDPOINT for spawned process
2026-09-15T12:36:21.820803Z  INFO ExecutionServicer::run:ExecutionServicer::spawn_execution{wait_execution_completion=false}:inject_legacy_env_vars:override_dc_env_vars: execution_wrapper::dc_env_vars: Updated env AZUREML_DISCOVERY_SERVICE_ENDPOINT for spawned process
2026-09-15T12:36:21.820825Z  INFO ExecutionServicer::run:ExecutionServicer::spawn_execution{wait_execution_completion=false}:inject_legacy_env_vars:override_dc_env_vars: execution_wrapper::dc_env_vars: Env var AZUREML_DEV_URL_MLFLOW is empty for current process
2026-09-15T12:36:21.820850Z  INFO ExecutionServicer::run:ExecutionServicer::spawn_execution{wait_execution_completion=false}:inject_legacy_env_vars:override_dc_env_vars: execution_wrapper::dc_env_vars: Updated env AZUREML_RUN_HISTORY_SERVICE_ENDPOINT for spawned process
2026-09-15T12:36:21.820872Z  INFO ExecutionServicer::run:ExecutionServicer::spawn_execution{wait_execution_completion=false}:inject_legacy_env_vars:override_dc_env_vars: execution_wrapper::dc_env_vars: close time.busy=163µs time.idle=2.70µs
2026-09-15T12:36:21.820886Z  INFO ExecutionServicer::run:ExecutionServicer::spawn_execution{wait_execution_completion=false}:inject_legacy_env_vars: execution_wrapper::legacy_env_vars: close time.busy=408µs time.idle=3.20µs
2026-09-15T12:36:21.820913Z  INFO ExecutionServicer::run:ExecutionServicer::spawn_execution{wait_execution_completion=false}: execution_wrapper::infiniband_utils: Is InfiniBand device present: false infiniband_device_path="/dev/infiniband/uverbs0"
2026-09-15T12:36:21.820943Z  INFO ExecutionServicer::run:ExecutionServicer::spawn_execution{wait_execution_completion=false}: execution_wrapper::service: Spawning execution
2026-09-15T12:36:21.824955Z  INFO ExecutionServicer::run:ExecutionServicer::spawn_execution{wait_execution_completion=false}:Execution::parse_commands: execution_wrapper::command_resolvers::shell: Using detected user shell: "/bin/sh" shell="/bin/sh"
2026-09-15T12:36:21.825035Z  INFO ExecutionServicer::run:ExecutionServicer::spawn_execution{wait_execution_completion=false}:Execution::parse_commands: execution_wrapper::execution: close time.busy=3.84ms time.idle=3.40µs
2026-09-15T12:36:21.825384Z  INFO ExecutionServicer::run:ExecutionServicer::spawn_execution{wait_execution_completion=false}:Execution::spawn{wait_execution_completion=false}: execution_wrapper::execution: Spawning target process
2026-09-15T12:36:21.826586Z  INFO ExecutionServicer::run:ExecutionServicer::spawn_execution{wait_execution_completion=false}:Execution::spawn{wait_execution_completion=false}: execution_wrapper::execution: execution process spawned pid=15
2026-09-15T12:36:21.826809Z  INFO execution_wrapper::execution: start waiting for processes execution to complete num_processes=1
2026-09-15T12:36:21.826868Z  INFO Execution::wait_for_completion: execution_wrapper::execution::process_manager: ProcessManagerExecution state changing from PendingExecution to PendingExecution
2026-09-15T12:36:39.954572Z  INFO Execution::wait_for_completion: execution_wrapper::execution::process_manager: ProcessManagerExecution state changing from PendingExecution to ExecutionCompleted
2026-09-15T12:36:39.954727Z  INFO Execution::wait_for_completion: execution_wrapper::execution::process_manager: Start collecting process exit statuses
2026-09-15T12:36:39.954756Z  INFO Execution::wait_for_completion: execution_wrapper::execution::process_manager: Successfully collected the exit status of user process pid=15 process_name=cd killed_by_process_manager=false
2026-09-15T12:36:39.954800Z  INFO Execution::wait_for_completion: execution_wrapper::execution::process_manager: Process manager successfully collected the exit statuses of all user processes on current node
2026-09-15T12:36:39.954827Z  INFO Execution::wait_for_completion: execution_wrapper::execution::process_manager: ProcessManagerExecution state changing from ExecutionCompleted to CleanupStreamingTasks
2026-09-15T12:36:39.954856Z  INFO Execution::wait_for_completion: execution_wrapper::execution::process_manager: Start cleaning up execution log streaming tasks
2026-09-15T12:36:39.954878Z  INFO Execution::wait_for_completion: execution_wrapper::execution::process_manager: Process manager successfully aborted all streaming tasks for current execution
2026-09-15T12:36:39.954903Z  INFO Execution::wait_for_completion: execution_wrapper::execution: Gathered execution result for rank 0 process_rank=0 exit_code=0 stderr_path=Some("user_logs/std_log.txt")
2026-09-15T12:36:39.954957Z  INFO Execution::wait_for_completion: execution_wrapper::execution: [wait_for_completion] execution process completed.
2026-09-15T12:36:39.955016Z  WARN Execution::wait_for_completion:ExecutionFinalizer::on_exit:ExecutionFinalizer::complete_execution: grpc_utils::span: failed to inject span context to grpc request
2026-09-15T12:36:39.955047Z  INFO Execution::wait_for_completion:ExecutionFinalizer::on_exit:ExecutionFinalizer::complete_execution:execution-wrapper::connect_to_callback_service: execution_wrapper::service: connecting to callback endpoint: /mnt/azureml/cr/j/7e6e7e804d2648d39c77cf8630e6d924/.grpc/lifecycler:0 client_address=/mnt/azureml/cr/j/7e6e7e804d2648d39c77cf8630e6d924/.grpc/lifecycler:0
2026-09-15T12:36:39.955701Z  INFO Execution::wait_for_completion:ExecutionFinalizer::on_exit:ExecutionFinalizer::complete_execution:execution-wrapper::connect_to_callback_service:connect: grpc_utils::endpoint::connect: Connecting to gRPC service endpoint=Uds("/mnt/azureml/cr/j/7e6e7e804d2648d39c77cf8630e6d924/.grpc/lifecycler:0") retry=FixedIntervalRetry { attempt_timeout_millis: 50, retry_delay_millis: 10, max_duration: 600s }
2026-09-15T12:36:39.955975Z  INFO Execution::wait_for_completion:ExecutionFinalizer::on_exit:ExecutionFinalizer::complete_execution:execution-wrapper::connect_to_callback_service:connect: grpc_utils::endpoint::connect: Successfully connected to gRPC service endpoint=Uds("/mnt/azureml/cr/j/7e6e7e804d2648d39c77cf8630e6d924/.grpc/lifecycler:0")
2026-09-15T12:36:39.956071Z  INFO Execution::wait_for_completion:ExecutionFinalizer::on_exit:ExecutionFinalizer::complete_execution:execution-wrapper::connect_to_callback_service:connect: grpc_utils::endpoint::connect: close time.busy=342µs time.idle=34.7µs
2026-09-15T12:36:39.956091Z  INFO Execution::wait_for_completion:ExecutionFinalizer::on_exit:ExecutionFinalizer::complete_execution:execution-wrapper::connect_to_callback_service: execution_wrapper::service: close time.busy=1.02ms time.idle=31.0µs
2026-09-15T12:36:39.956989Z  INFO Execution::wait_for_completion:ExecutionFinalizer::on_exit:ExecutionFinalizer::complete_execution: execution_wrapper::service: Completed execution id=28df2919-ca6b-4439-8a6d-e75338897dba
2026-09-15T12:36:39.957039Z  INFO Execution::wait_for_completion:ExecutionFinalizer::on_exit:ExecutionFinalizer::complete_execution: execution_wrapper::service: close time.busy=1.17ms time.idle=859µs
2026-09-15T12:36:39.957051Z  INFO Execution::wait_for_completion:ExecutionFinalizer::on_exit: execution_wrapper::service: close time.busy=1.19ms time.idle=875µs
2026-09-15T12:36:39.957059Z  INFO ExecutionServicer::run:ExecutionServicer::spawn_execution{wait_execution_completion=false}:Execution::spawn{wait_execution_completion=false}: execution_wrapper::execution: close time.busy=1.42ms time.idle=18.1s
2026-09-15T12:36:39.957067Z  INFO ExecutionServicer::run:ExecutionServicer::spawn_execution{wait_execution_completion=false}: execution_wrapper::service: close time.busy=6.15ms time.idle=18.1s
2026-09-15T12:36:39.957073Z  INFO ExecutionServicer::run: execution_wrapper::service: close time.busy=6.39ms time.idle=18.1s
2026-09-15T12:36:39.957086Z  INFO Execution::wait_for_completion: execution_wrapper::execution: close time.busy=2.01ms time.idle=18.1s
2026-09-15T12:36:39.957094Z  INFO execution_wrapper::execution: process execution completed
