2026-09-15T13:22:59.957101Z  INFO telemetry: job_telemetry_init artifact_type=installed branch=76e771ea80bf ci_number=20260904.1 ci_name=CommonRuntime-RuntimeTeam-Linux-Prod-Build build_time=2026-09-04 07:32:31.763545
2026-09-15T13:22:59.957653Z  INFO run_execution_wrapper: execution_wrapper: Writing HWLOC_COMPONENTS=-gl to /etc/environment
2026-09-15T13:22:59.958332Z  WARN run_execution_wrapper: execution_wrapper: Failed to execute sudo command: No such file or directory (os error 2)
2026-09-15T13:22:59.959253Z  INFO run_execution_wrapper: execution_wrapper: Set HWLOC_COMPONENTS=-gl in current process environment
2026-09-15T13:22:59.960518Z  INFO run_execution_wrapper: execution_wrapper: Successfully dumped bootstrapping environment to file
2026-09-15T13:22:59.964262Z  INFO run_execution_wrapper: execution_wrapper: Enable std log streaming is not specified in executor configuration, default to not stream logs to stdout and stderr
2026-09-15T13:22:59.964386Z  INFO run_execution_wrapper: execution_wrapper: Enable termination signal handling is not specified in executor configuration, default to ignore termination signals
2026-09-15T13:22:59.966239Z  INFO run_execution_wrapper: execution_wrapper: Executor config not provided, certificates will not be updated.
2026-09-15T13:22:59.966412Z  INFO run_execution_wrapper:execution-wrapper::run_service{path_mapping_kind=None error_pattern_json_files_post_execution=None error_pattern_json_file_mid_execution=None enable_std_log_streaming=false skip_user_log_file_generation=false enable_termination_signal_handling=false}: execution_wrapper::service: serving execution service at executor_address=/mnt/azureml/cr/j/26751076848b4a5b82e7b1b7857427ef/.grpc/executor:0
2026-09-15T13:22:59.968292Z  INFO run_execution_wrapper:execution-wrapper::run_service{path_mapping_kind=None error_pattern_json_files_post_execution=None error_pattern_json_file_mid_execution=None enable_std_log_streaming=false skip_user_log_file_generation=false enable_termination_signal_handling=false}: cr_core: Successfully configured current process to ignore termination signals
2026-09-15T13:22:59.968479Z  INFO run_execution_wrapper:execution-wrapper::run_service{path_mapping_kind=None error_pattern_json_files_post_execution=None error_pattern_json_file_mid_execution=None enable_std_log_streaming=false skip_user_log_file_generation=false enable_termination_signal_handling=false}:serve: grpc_utils::endpoint::serve: serving gRPC service endpoint=Uds("/mnt/azureml/cr/j/26751076848b4a5b82e7b1b7857427ef/.grpc/executor:0") retry=ExponentialBackoffRetry { retry_delay_secs: 2, delay_factor: 1000, num_retries: 3 }
2026-09-15T13:23:00.581415Z  INFO ExecutionServicer::run: grpc_utils::server: Got grpc request request_name="run" remote_addr=None
2026-09-15T13:23:00.581545Z  INFO ExecutionServicer::run: execution_wrapper::service: file /opt/microsoft/singularity/unasignal/StopUserNode exists: false path=/opt/microsoft/singularity/unasignal/StopUserNode
2026-09-15T13:23:00.581743Z  INFO ExecutionServicer::run:ExecutionServicer::spawn_execution{wait_execution_completion=false}: execution_wrapper::service: spawn_execution request id="08464c2f-8a35-48c9-b586-4ec7d74eb7a5" client_address=Some("/mnt/azureml/cr/j/26751076848b4a5b82e7b1b7857427ef/.grpc/lifecycler:0")
2026-09-15T13:23:00.581785Z  WARN ExecutionServicer::run:ExecutionServicer::spawn_execution{wait_execution_completion=false}:inject_legacy_env_vars: execution_wrapper::legacy_env_vars: Skip injecting legacy env vars, distributed config is None, setting only the defaults
2026-09-15T13:23:00.581810Z  INFO ExecutionServicer::run:ExecutionServicer::spawn_execution{wait_execution_completion=false}:inject_legacy_env_vars: execution_wrapper::legacy_env_vars: Injecting AZ_BATCHAI_JOB_WORK_DIR=/mnt/azureml/cr/j/26751076848b4a5b82e7b1b7857427ef/exe/wd working_dir="/mnt/azureml/cr/j/26751076848b4a5b82e7b1b7857427ef/exe/wd"
2026-09-15T13:23:00.581855Z  INFO ExecutionServicer::run:ExecutionServicer::spawn_execution{wait_execution_completion=false}:inject_legacy_env_vars: execution_wrapper::legacy_env_vars: Injecting AZUREML_PROCESS_NAME=main as default
2026-09-15T13:23:00.581948Z  INFO ExecutionServicer::run:ExecutionServicer::spawn_execution{wait_execution_completion=false}:inject_legacy_env_vars:get_gpu_count: execution_wrapper::common: Get ComputeContext from env success compute_context=ComputeContext { cluster_name: "lab2-cluster", node_id: Literal("tvmps_470fdf819163ab1018006d7f555bd6473d1ac296c35d8e718d826ce2a1561aea_d"), vm_id: Some("1ea43f9e-1316-4f3c-9797-154bea0d50a6"), run_attempt_count: 1, gpu_count: Some(0), vm_size: Some("STANDARD_DS3_V2"), readable_cluster_name: Some("lab2-cluster"), vm_priority: Some(Dedicated), use_vnet_or_private_link: false }
2026-09-15T13:23:00.581989Z  INFO ExecutionServicer::run:ExecutionServicer::spawn_execution{wait_execution_completion=false}:inject_legacy_env_vars:get_gpu_count: execution_wrapper::common: close time.busy=109µs time.idle=6.60µs
2026-09-15T13:23:00.582023Z  INFO ExecutionServicer::run:ExecutionServicer::spawn_execution{wait_execution_completion=false}:inject_legacy_env_vars:override_dc_env_vars: execution_wrapper::dc_env_vars: Updated env AZUREML_CR_EXECUTOR_CONFIG for spawned process
2026-09-15T13:23:00.582041Z  INFO ExecutionServicer::run:ExecutionServicer::spawn_execution{wait_execution_completion=false}:inject_legacy_env_vars:override_dc_env_vars: execution_wrapper::dc_env_vars: Env var AZUREML_CR_DISTRIBUTED_CONFIG is empty for current process
2026-09-15T13:23:00.582054Z  INFO ExecutionServicer::run:ExecutionServicer::spawn_execution{wait_execution_completion=false}:inject_legacy_env_vars:override_dc_env_vars: execution_wrapper::dc_env_vars: Updated env AZUREML_SERVICE_ENDPOINT for spawned process
2026-09-15T13:23:00.582067Z  INFO ExecutionServicer::run:ExecutionServicer::spawn_execution{wait_execution_completion=false}:inject_legacy_env_vars:override_dc_env_vars: execution_wrapper::dc_env_vars: Updated env AZUREML_SERVICE_CERT_ENDPOINT for spawned process
2026-09-15T13:23:00.582091Z  INFO ExecutionServicer::run:ExecutionServicer::spawn_execution{wait_execution_completion=false}:inject_legacy_env_vars:override_dc_env_vars: execution_wrapper::dc_env_vars: Updated env AZUREML_DISCOVERY_SERVICE_ENDPOINT for spawned process
2026-09-15T13:23:00.582112Z  INFO ExecutionServicer::run:ExecutionServicer::spawn_execution{wait_execution_completion=false}:inject_legacy_env_vars:override_dc_env_vars: execution_wrapper::dc_env_vars: Env var AZUREML_DEV_URL_MLFLOW is empty for current process
2026-09-15T13:23:00.582127Z  INFO ExecutionServicer::run:ExecutionServicer::spawn_execution{wait_execution_completion=false}:inject_legacy_env_vars:override_dc_env_vars: execution_wrapper::dc_env_vars: Updated env AZUREML_RUN_HISTORY_SERVICE_ENDPOINT for spawned process
2026-09-15T13:23:00.582146Z  INFO ExecutionServicer::run:ExecutionServicer::spawn_execution{wait_execution_completion=false}:inject_legacy_env_vars:override_dc_env_vars: execution_wrapper::dc_env_vars: close time.busy=125µs time.idle=2.70µs
2026-09-15T13:23:00.582158Z  INFO ExecutionServicer::run:ExecutionServicer::spawn_execution{wait_execution_completion=false}:inject_legacy_env_vars: execution_wrapper::legacy_env_vars: close time.busy=374µs time.idle=3.90µs
2026-09-15T13:23:00.582175Z  INFO ExecutionServicer::run:ExecutionServicer::spawn_execution{wait_execution_completion=false}: execution_wrapper::infiniband_utils: Is InfiniBand device present: false infiniband_device_path="/dev/infiniband/uverbs0"
2026-09-15T13:23:00.582235Z  INFO ExecutionServicer::run:ExecutionServicer::spawn_execution{wait_execution_completion=false}: execution_wrapper::service: Spawning execution
2026-09-15T13:23:00.585360Z  INFO ExecutionServicer::run:ExecutionServicer::spawn_execution{wait_execution_completion=false}:Execution::parse_commands: execution_wrapper::command_resolvers::shell: Using detected user shell: "/bin/sh" shell="/bin/sh"
2026-09-15T13:23:00.585430Z  INFO ExecutionServicer::run:ExecutionServicer::spawn_execution{wait_execution_completion=false}:Execution::parse_commands: execution_wrapper::execution: close time.busy=2.87ms time.idle=3.80µs
2026-09-15T13:23:00.585784Z  INFO ExecutionServicer::run:ExecutionServicer::spawn_execution{wait_execution_completion=false}:Execution::spawn{wait_execution_completion=false}: execution_wrapper::execution: Spawning target process
2026-09-15T13:23:00.587302Z  INFO ExecutionServicer::run:ExecutionServicer::spawn_execution{wait_execution_completion=false}:Execution::spawn{wait_execution_completion=false}: execution_wrapper::execution: execution process spawned pid=15
2026-09-15T13:23:00.587816Z  INFO execution_wrapper::execution: start waiting for processes execution to complete num_processes=1
2026-09-15T13:23:00.588243Z  INFO Execution::wait_for_completion: execution_wrapper::execution::process_manager: ProcessManagerExecution state changing from PendingExecution to PendingExecution
2026-09-15T13:23:20.900896Z  INFO Execution::wait_for_completion: execution_wrapper::execution::process_manager: ProcessManagerExecution state changing from PendingExecution to ExecutionCompleted
2026-09-15T13:23:20.900997Z  INFO Execution::wait_for_completion: execution_wrapper::execution::process_manager: Start collecting process exit statuses
2026-09-15T13:23:20.901021Z  INFO Execution::wait_for_completion: execution_wrapper::execution::process_manager: Successfully collected the exit status of user process pid=15 process_name=cd killed_by_process_manager=false
2026-09-15T13:23:20.901079Z  INFO Execution::wait_for_completion: execution_wrapper::execution::process_manager: Process manager successfully collected the exit statuses of all user processes on current node
2026-09-15T13:23:20.901099Z  INFO Execution::wait_for_completion: execution_wrapper::execution::process_manager: ProcessManagerExecution state changing from ExecutionCompleted to CleanupStreamingTasks
2026-09-15T13:23:20.901127Z  INFO Execution::wait_for_completion: execution_wrapper::execution::process_manager: Start cleaning up execution log streaming tasks
2026-09-15T13:23:20.901144Z  INFO Execution::wait_for_completion: execution_wrapper::execution::process_manager: Process manager successfully aborted all streaming tasks for current execution
2026-09-15T13:23:20.901170Z  INFO Execution::wait_for_completion: execution_wrapper::execution: Gathered execution result for rank 0 process_rank=0 exit_code=0 stderr_path=Some("user_logs/std_log.txt")
2026-09-15T13:23:20.901245Z  INFO Execution::wait_for_completion: execution_wrapper::execution: [wait_for_completion] execution process completed.
2026-09-15T13:23:20.901297Z  WARN Execution::wait_for_completion:ExecutionFinalizer::on_exit:ExecutionFinalizer::complete_execution: grpc_utils::span: failed to inject span context to grpc request
2026-09-15T13:23:20.901333Z  INFO Execution::wait_for_completion:ExecutionFinalizer::on_exit:ExecutionFinalizer::complete_execution:execution-wrapper::connect_to_callback_service: execution_wrapper::service: connecting to callback endpoint: /mnt/azureml/cr/j/26751076848b4a5b82e7b1b7857427ef/.grpc/lifecycler:0 client_address=/mnt/azureml/cr/j/26751076848b4a5b82e7b1b7857427ef/.grpc/lifecycler:0
2026-09-15T13:23:20.901889Z  INFO Execution::wait_for_completion:ExecutionFinalizer::on_exit:ExecutionFinalizer::complete_execution:execution-wrapper::connect_to_callback_service:connect: grpc_utils::endpoint::connect: Connecting to gRPC service endpoint=Uds("/mnt/azureml/cr/j/26751076848b4a5b82e7b1b7857427ef/.grpc/lifecycler:0") retry=FixedIntervalRetry { attempt_timeout_millis: 50, retry_delay_millis: 10, max_duration: 600s }
2026-09-15T13:23:20.902155Z  INFO Execution::wait_for_completion:ExecutionFinalizer::on_exit:ExecutionFinalizer::complete_execution:execution-wrapper::connect_to_callback_service:connect: grpc_utils::endpoint::connect: Successfully connected to gRPC service endpoint=Uds("/mnt/azureml/cr/j/26751076848b4a5b82e7b1b7857427ef/.grpc/lifecycler:0")
2026-09-15T13:23:20.902210Z  INFO Execution::wait_for_completion:ExecutionFinalizer::on_exit:ExecutionFinalizer::complete_execution:execution-wrapper::connect_to_callback_service:connect: grpc_utils::endpoint::connect: close time.busy=296µs time.idle=30.4µs
2026-09-15T13:23:20.902235Z  INFO Execution::wait_for_completion:ExecutionFinalizer::on_exit:ExecutionFinalizer::complete_execution:execution-wrapper::connect_to_callback_service: execution_wrapper::service: close time.busy=879µs time.idle=28.2µs
2026-09-15T13:23:20.903033Z  INFO Execution::wait_for_completion:ExecutionFinalizer::on_exit:ExecutionFinalizer::complete_execution: execution_wrapper::service: Completed execution id=08464c2f-8a35-48c9-b586-4ec7d74eb7a5
2026-09-15T13:23:20.903138Z  INFO Execution::wait_for_completion:ExecutionFinalizer::on_exit:ExecutionFinalizer::complete_execution: execution_wrapper::service: close time.busy=1.08ms time.idle=771µs
2026-09-15T13:23:20.903159Z  INFO Execution::wait_for_completion:ExecutionFinalizer::on_exit: execution_wrapper::service: close time.busy=1.10ms time.idle=781µs
2026-09-15T13:23:20.903172Z  INFO ExecutionServicer::run:ExecutionServicer::spawn_execution{wait_execution_completion=false}:Execution::spawn{wait_execution_completion=false}: execution_wrapper::execution: close time.busy=1.79ms time.idle=20.3s
2026-09-15T13:23:20.903180Z  INFO ExecutionServicer::run:ExecutionServicer::spawn_execution{wait_execution_completion=false}: execution_wrapper::service: close time.busy=5.68ms time.idle=20.3s
2026-09-15T13:23:20.903186Z  INFO ExecutionServicer::run: execution_wrapper::service: close time.busy=6.18ms time.idle=20.3s
2026-09-15T13:23:20.903213Z  INFO Execution::wait_for_completion: execution_wrapper::execution: close time.busy=1.60ms time.idle=20.3s
2026-09-15T13:23:20.903222Z  INFO execution_wrapper::execution: process execution completed
